// Jest Snapshot v1, https://goo.gl/fbAQLP

exports[`prueba en firstApp debe de hacer match con el snapshot 1`] = `
<div>
  <h1
    data-testid="test-title"
  >
    hola, soy goku
  </h1>
  <p>
    que hay de nuevo
  </p>
  <p>
    que hay de nuevo
  </p>
  <p />
</div>
`;
